Running Gradle task 'assembleRelease'...                        
flutter : lib/features/repartidor/presentat
ion/pages/repartidor_panel_page.dart:534:1:
 Error: Expected a declaration, but got 
'}'.
En línea: 1 Carácter: 1
+ flutter build apk --release > 
build_output.txt 2>&1
+ ~~~~~~~~~~~~~~~~~~~~~~~~~~~~~~~~~~~~~~~~~
~~~~~~~~~~
    + CategoryInfo          : NotSpecified 
   : (lib/features/re...n, but got '}'.:S  
  tring) [], RemoteException
    + FullyQualifiedErrorId : NativeComman 
   dError
 
}
^
lib/features/dashboard/presentation/pages/m
ain_shell.dart:121:12: Error: 
'_isRepartidorEffective' is already 
declared in this scope.
  bool get _isRepartidorEffective {
           ^^^^^^^^^^^^^^^^^^^^^^
lib/features/dashboard/presentation/pages/m
ain_shell.dart:83:12: Context: Previous 
declaration of '_isRepartidorEffective'.
  bool get _isRepartidorEffective {
           ^^^^^^^^^^^^^^^^^^^^^^
lib/features/dashboard/presentation/pages/m
ain_shell.dart:128:12: Error: 
'_isAlmacenEffective' is already declared 
in this scope.
  bool get _isAlmacenEffective => 
_forceAlmacenMode;
           ^^^^^^^^^^^^^^^^^^^
lib/features/dashboard/presentation/pages/m
ain_shell.dart:90:12: Context: Previous 
declaration of '_isAlmacenEffective'.
  bool get _isAlmacenEffective {
           ^^^^^^^^^^^^^^^^^^^
lib/features/dashboard/presentation/pages/m
ain_shell.dart:857:8: Error: 
'_showLogoutConfirmation' is already 
declared in this scope.
  void 
_showLogoutConfirmation(AuthProvider auth) 
async {
       ^^^^^^^^^^^^^^^^^^^^^^^
lib/features/dashboard/presentation/pages/m
ain_shell.dart:224:16: Context: Previous 
declaration of '_showLogoutConfirmation'.
  Future<void> 
_showLogoutConfirmation(AuthProvider 
authProvider) async {
               ^^^^^^^^^^^^^^^^^^^^^^^
lib/features/commissions/presentation/pages
/commissions_page.dart:1200:102: Error: 
Not a constant expression.
                                
Text('COMISI├ôN PROV.', style: 
TextStyle(fontSize: 
Responsive.isSmall(context) ? 9 : 11, 
fontWeight: FontWeight.bold, color: 
AppTheme.neonGreen)),
                                           
                                           
    ^^^^^^^
lib/features/commissions/presentation/pages
/commissions_page.dart:1200:94: Error: 
Method invocation is not a constant 
expression.
                                
Text('COMISI├ôN PROV.', style: 
TextStyle(fontSize: 
Responsive.isSmall(context) ? 9 : 11, 
fontWeight: FontWeight.bold, color: 
AppTheme.neonGreen)),
                                           
                                           
    ^^^^^^^
lib/features/repartidor/presentation/pages/
repartidor_panel_page.dart:290:16: Error: 
Undefined name '_collectionsSummary'.
    final cs = _collectionsSummary!;
               ^^^^^^^^^^^^^^^^^^^
lib/features/repartidor/presentation/pages/
repartidor_panel_page.dart:305:84: Error: 
Undefined name 'context'.
              Text('Cobros del Mes', 
style: TextStyle(fontSize: 
Responsive.isSmall(context) ? 13 : 15, 
fontWeight: FontWeight.bold, color: 
AppTheme.textPrimary)),
                                           
                                        
^^^^^^^
lib/features/repartidor/presentation/pages/
repartidor_panel_page.dart:353:69: Error: 
Undefined name 'context'.
          Text(value, style: 
TextStyle(fontSize: 
Responsive.isSmall(context) ? 11 : 13, 
fontWeight: FontWeight.bold, color: 
AppTheme.textPrimary)),
                                           
                         ^^^^^^^
lib/features/repartidor/presentation/pages/
repartidor_panel_page.dart:355:69: Error: 
Undefined name 'context'.
          Text(label, style: 
TextStyle(fontSize: 
Responsive.isSmall(context) ? 8 : 10, 
color: AppTheme.textSecondary)),
                                           
                         ^^^^^^^
lib/features/repartidor/presentation/pages/
repartidor_panel_page.dart:362:9: Error: 
Undefined name '_dailyData'.
    if (_dailyData.isEmpty) {
        ^^^^^^^^^^
lib/features/repartidor/presentation/pages/
repartidor_panel_page.dart:375:22: Error: 
Undefined name '_dailyData'.
    final maxTotal = 
_dailyData.fold<double>(0, (max, d) {
                     ^^^^^^^^^^
lib/features/repartidor/presentation/pages/
repartidor_panel_page.dart:393:86: Error: 
Undefined name 'context'.
              Text('Entregas Diarias', 
style: TextStyle(fontSize: 
Responsive.isSmall(context) ? 13 : 15, 
fontWeight: FontWeight.bold, color: 
AppTheme.textPrimary)),
                                           
                                          
^^^^^^^
lib/features/repartidor/presentation/pages/
repartidor_panel_page.dart:398:44: Error: 
Undefined name 'context'.
            height: 
Responsive.clampHeight(context, 140),
                                           
^^^^^^^
lib/features/repartidor/presentation/pages/
repartidor_panel_page.dart:439:76: Error: 
Undefined name '_selectedMonth'.
                          child: 
Text('${day.toString().padLeft(2, '0')}/${_
selectedMonth.toString().padLeft(2, 
'0')}', style: const TextStyle(fontSize: 
8, color: AppTheme.textSecondary)),
                                           
                                
^^^^^^^^^^^^^^
lib/features/repartidor/presentation/pages/
repartidor_panel_page.dart:401:25: Error: 
Undefined name '_dailyData'.
              children: _dailyData.map((d) 
{
                        ^^^^^^^^^^
lib/features/repartidor/presentation/pages/
repartidor_panel_page.dart:467:9: Error: 
Undefined name '_dailyData'.
    if (_dailyData.isEmpty) return const 
SizedBox.shrink();
        ^^^^^^^^^^
lib/features/repartidor/presentation/pages/
repartidor_panel_page.dart:483:86: Error: 
Undefined name 'context'.
                Text('Detalle Diario', 
style: TextStyle(fontSize: 
Responsive.isSmall(context) ? 13 : 15, 
fontWeight: FontWeight.bold, color: 
AppTheme.textPrimary)),
                                           
                                          
^^^^^^^
lib/features/repartidor/presentation/pages/
repartidor_panel_page.dart:483:78: Error: 
Method invocation is not a constant 
expression.
                Text('Detalle Diario', 
style: TextStyle(fontSize: 
Responsive.isSmall(context) ? 13 : 15, 
fontWeight: FontWeight.bold, color: 
AppTheme.textPrimary)),
                                           
                                  ^^^^^^^
lib/features/repartidor/presentation/pages/
repartidor_panel_page.dart:519:88: Error: 
Undefined name '_selectedMonth'.
                  SizedBox(width: 50, 
child: Text('${day.toString().padLeft(2, '0
')}/${_selectedMonth.toString().padLeft(2, 
'0')}', style: const TextStyle(fontSize: 
12, color: AppTheme.textPrimary, 
fontWeight: FontWeight.w600))),
                                           
                                           
 ^^^^^^^^^^^^^^
lib/features/repartidor/presentation/pages/
repartidor_panel_page.dart:504:14: Error: 
Undefined name '_dailyData'.
          ..._dailyData.map((d) {
             ^^^^^^^^^^
Target kernel_snapshot_program failed: 
Exception


FAILURE: Build failed with an exception.

* What went wrong:
Execution failed for task 
':app:compileFlutterBuildRelease'.
> Process 'command 
'C:\flutter\bin\flutter.bat'' finished 
with non-zero exit value 1

* Try:
> Run with --stacktrace option to get the 
stack trace.
> Run with --info or --debug option to get 
more log output.
> Run with --scan to get full insights.
> Get more help at https://help.gradle.org.

BUILD FAILED in 46s
Running Gradle task 'assembleRelease'...                           47,6s
Gradle task assembleRelease failed with 
exit code 1
