To honour the JVM settings for this build a single-use Daemon process will be forked. For more on this, please refer to https://docs.gradle.org/8.11.1/userguide/gradle_daemon.html#sec:disabling_the_daemon in the Gradle documentation.
Daemon will be stopped at the end of the build
> Task :gradle:checkKotlinGradlePluginConfigurationErrors SKIPPED
> Task :gradle:compileKotlin UP-TO-DATE
> Task :gradle:compileJava NO-SOURCE
> Task :gradle:compileGroovy NO-SOURCE
> Task :gradle:pluginDescriptors UP-TO-DATE
> Task :gradle:processResources UP-TO-DATE
> Task :gradle:classes UP-TO-DATE
> Task :gradle:jar UP-TO-DATE
> Task :app:preBuild UP-TO-DATE
> Task :connectivity_plus:preBuild UP-TO-DATE
> Task :connectivity_plus:preReleaseBuild UP-TO-DATE
> Task :app:preReleaseBuild UP-TO-DATE
> Task :connectivity_plus:prepareReleaseArtProfile UP-TO-DATE
> Task :app:extractReleaseVersionControlInfo UP-TO-DATE
> Task :device_info_plus:preBuild UP-TO-DATE
> Task :device_info_plus:preReleaseBuild UP-TO-DATE
> Task :device_info_plus:prepareReleaseArtProfile UP-TO-DATE
> Task :flutter_bluetooth_printer:preBuild UP-TO-DATE
> Task :flutter_bluetooth_printer:preReleaseBuild UP-TO-DATE
> Task :flutter_bluetooth_printer:prepareReleaseArtProfile UP-TO-DATE
> Task :flutter_local_notifications:preBuild UP-TO-DATE
> Task :flutter_local_notifications:preReleaseBuild UP-TO-DATE
> Task :flutter_local_notifications:prepareReleaseArtProfile UP-TO-DATE
> Task :flutter_pdfview:preBuild UP-TO-DATE
> Task :flutter_pdfview:preReleaseBuild UP-TO-DATE
> Task :flutter_pdfview:prepareReleaseArtProfile UP-TO-DATE
> Task :flutter_plugin_android_lifecycle:preBuild UP-TO-DATE
> Task :flutter_plugin_android_lifecycle:preReleaseBuild UP-TO-DATE
> Task :flutter_plugin_android_lifecycle:prepareReleaseArtProfile UP-TO-DATE
> Task :flutter_secure_storage:preBuild UP-TO-DATE
> Task :flutter_secure_storage:preReleaseBuild UP-TO-DATE
> Task :flutter_secure_storage:prepareReleaseArtProfile UP-TO-DATE
> Task :flutter_tts:preBuild UP-TO-DATE
> Task :flutter_tts:preReleaseBuild UP-TO-DATE
> Task :flutter_tts:prepareReleaseArtProfile UP-TO-DATE
> Task :geolocator_android:preBuild UP-TO-DATE
> Task :geolocator_android:preReleaseBuild UP-TO-DATE
> Task :geolocator_android:prepareReleaseArtProfile UP-TO-DATE
> Task :image_picker_android:preBuild UP-TO-DATE
> Task :image_picker_android:preReleaseBuild UP-TO-DATE
> Task :image_picker_android:prepareReleaseArtProfile UP-TO-DATE
> Task :open_filex:preBuild UP-TO-DATE
> Task :open_filex:preReleaseBuild UP-TO-DATE
> Task :open_filex:prepareReleaseArtProfile UP-TO-DATE
> Task :package_info_plus:preBuild UP-TO-DATE
> Task :package_info_plus:preReleaseBuild UP-TO-DATE
> Task :package_info_plus:prepareReleaseArtProfile UP-TO-DATE
> Task :path_provider_android:preBuild UP-TO-DATE
> Task :path_provider_android:preReleaseBuild UP-TO-DATE
> Task :path_provider_android:prepareReleaseArtProfile UP-TO-DATE
> Task :permission_handler_android:preBuild UP-TO-DATE
> Task :permission_handler_android:preReleaseBuild UP-TO-DATE
> Task :permission_handler_android:prepareReleaseArtProfile UP-TO-DATE
> Task :printing:preBuild UP-TO-DATE
> Task :printing:preReleaseBuild UP-TO-DATE
> Task :printing:prepareReleaseArtProfile UP-TO-DATE
> Task :sentry_flutter:preBuild UP-TO-DATE
> Task :sentry_flutter:preReleaseBuild UP-TO-DATE
> Task :sentry_flutter:prepareReleaseArtProfile UP-TO-DATE
> Task :share_plus:preBuild UP-TO-DATE
> Task :share_plus:preReleaseBuild UP-TO-DATE
> Task :share_plus:prepareReleaseArtProfile UP-TO-DATE
> Task :shared_preferences_android:preBuild UP-TO-DATE
> Task :shared_preferences_android:preReleaseBuild UP-TO-DATE
> Task :shared_preferences_android:prepareReleaseArtProfile UP-TO-DATE
> Task :url_launcher_android:preBuild UP-TO-DATE
> Task :url_launcher_android:preReleaseBuild UP-TO-DATE
> Task :url_launcher_android:prepareReleaseArtProfile UP-TO-DATE
> Task :webview_flutter_android:preBuild UP-TO-DATE
> Task :webview_flutter_android:preReleaseBuild UP-TO-DATE
> Task :webview_flutter_android:prepareReleaseArtProfile UP-TO-DATE
> Task :workmanager_android:preBuild UP-TO-DATE
> Task :workmanager_android:preReleaseBuild UP-TO-DATE
> Task :workmanager_android:prepareReleaseArtProfile UP-TO-DATE
> Task :connectivity_plus:generateReleaseResValues UP-TO-DATE
> Task :connectivity_plus:generateReleaseResources UP-TO-DATE
> Task :connectivity_plus:packageReleaseResources UP-TO-DATE
> Task :connectivity_plus:parseReleaseLocalResources UP-TO-DATE
> Task :connectivity_plus:generateReleaseRFile UP-TO-DATE
> Task :connectivity_plus:javaPreCompileRelease UP-TO-DATE
> Task :connectivity_plus:compileReleaseJavaWithJavac UP-TO-DATE
> Task :connectivity_plus:mergeReleaseGeneratedProguardFiles UP-TO-DATE
> Task :connectivity_plus:exportReleaseConsumerProguardFiles UP-TO-DATE
> Task :device_info_plus:checkKotlinGradlePluginConfigurationErrors SKIPPED
> Task :device_info_plus:generateReleaseResValues UP-TO-DATE
> Task :device_info_plus:generateReleaseResources UP-TO-DATE
> Task :device_info_plus:packageReleaseResources UP-TO-DATE
> Task :device_info_plus:parseReleaseLocalResources UP-TO-DATE
> Task :device_info_plus:generateReleaseRFile UP-TO-DATE
> Task :app:compileFlutterBuildRelease UP-TO-DATE
> Task :app:packCommercialFlutterNativeLibs UP-TO-DATE
> Task :app:packJniLibsflutterBuildRelease SKIPPED
> Task :device_info_plus:compileReleaseKotlin UP-TO-DATE
> Task :device_info_plus:javaPreCompileRelease UP-TO-DATE
> Task :device_info_plus:compileReleaseJavaWithJavac NO-SOURCE
> Task :app:mergeReleaseArtProfile UP-TO-DATE
> Task :device_info_plus:mergeReleaseGeneratedProguardFiles UP-TO-DATE
> Task :device_info_plus:exportReleaseConsumerProguardFiles UP-TO-DATE
> Task :flutter_bluetooth_printer:generateReleaseResValues UP-TO-DATE
> Task :flutter_bluetooth_printer:generateReleaseResources UP-TO-DATE
> Task :flutter_bluetooth_printer:packageReleaseResources UP-TO-DATE
> Task :flutter_bluetooth_printer:parseReleaseLocalResources UP-TO-DATE
> Task :app:expandReleaseL8ArtProfileWildcards UP-TO-DATE
> Task :flutter_bluetooth_printer:generateReleaseRFile UP-TO-DATE
> Task :flutter_local_notifications:generateReleaseResValues UP-TO-DATE
> Task :flutter_bluetooth_printer:javaPreCompileRelease UP-TO-DATE
> Task :flutter_local_notifications:generateReleaseResources UP-TO-DATE
> Task :flutter_local_notifications:packageReleaseResources UP-TO-DATE
> Task :flutter_local_notifications:parseReleaseLocalResources UP-TO-DATE
> Task :flutter_local_notifications:generateReleaseRFile UP-TO-DATE
> Task :flutter_local_notifications:javaPreCompileRelease UP-TO-DATE
> Task :flutter_bluetooth_printer:compileReleaseJavaWithJavac UP-TO-DATE
> Task :flutter_bluetooth_printer:mergeReleaseGeneratedProguardFiles UP-TO-DATE
> Task :flutter_bluetooth_printer:exportReleaseConsumerProguardFiles UP-TO-DATE
> Task :flutter_pdfview:generateReleaseResValues UP-TO-DATE
> Task :flutter_pdfview:generateReleaseResources UP-TO-DATE
> Task :flutter_pdfview:packageReleaseResources UP-TO-DATE
> Task :flutter_pdfview:parseReleaseLocalResources UP-TO-DATE
> Task :flutter_pdfview:generateReleaseRFile UP-TO-DATE
> Task :flutter_pdfview:javaPreCompileRelease UP-TO-DATE
> Task :flutter_local_notifications:compileReleaseJavaWithJavac UP-TO-DATE
> Task :flutter_local_notifications:mergeReleaseGeneratedProguardFiles UP-TO-DATE
> Task :flutter_local_notifications:exportReleaseConsumerProguardFiles UP-TO-DATE
> Task :flutter_plugin_android_lifecycle:generateReleaseResValues UP-TO-DATE
> Task :flutter_plugin_android_lifecycle:generateReleaseResources UP-TO-DATE
> Task :flutter_plugin_android_lifecycle:packageReleaseResources UP-TO-DATE
> Task :flutter_plugin_android_lifecycle:parseReleaseLocalResources UP-TO-DATE
> Task :flutter_plugin_android_lifecycle:generateReleaseRFile UP-TO-DATE
> Task :flutter_plugin_android_lifecycle:javaPreCompileRelease UP-TO-DATE
> Task :flutter_pdfview:compileReleaseJavaWithJavac UP-TO-DATE
> Task :flutter_pdfview:mergeReleaseGeneratedProguardFiles UP-TO-DATE
> Task :flutter_pdfview:exportReleaseConsumerProguardFiles UP-TO-DATE
> Task :image_picker_android:generateReleaseResValues UP-TO-DATE
> Task :image_picker_android:generateReleaseResources UP-TO-DATE
> Task :image_picker_android:packageReleaseResources UP-TO-DATE
> Task :image_picker_android:parseReleaseLocalResources UP-TO-DATE
> Task :image_picker_android:generateReleaseRFile UP-TO-DATE
> Task :image_picker_android:javaPreCompileRelease UP-TO-DATE
> Task :flutter_secure_storage:generateReleaseBuildConfig UP-TO-DATE
> Task :flutter_secure_storage:generateReleaseResValues UP-TO-DATE
> Task :flutter_secure_storage:generateReleaseResources UP-TO-DATE
> Task :flutter_secure_storage:packageReleaseResources UP-TO-DATE
> Task :flutter_secure_storage:parseReleaseLocalResources UP-TO-DATE
> Task :flutter_plugin_android_lifecycle:compileReleaseJavaWithJavac UP-TO-DATE
> Task :flutter_secure_storage:generateReleaseRFile UP-TO-DATE
> Task :flutter_plugin_android_lifecycle:bundleLibCompileToJarRelease UP-TO-DATE
> Task :flutter_secure_storage:javaPreCompileRelease UP-TO-DATE
> Task :flutter_plugin_android_lifecycle:mergeReleaseGeneratedProguardFiles UP-TO-DATE
> Task :flutter_plugin_android_lifecycle:exportReleaseConsumerProguardFiles UP-TO-DATE
> Task :flutter_secure_storage:compileReleaseJavaWithJavac UP-TO-DATE
> Task :image_picker_android:compileReleaseJavaWithJavac UP-TO-DATE
> Task :flutter_secure_storage:mergeReleaseGeneratedProguardFiles UP-TO-DATE
> Task :image_picker_android:mergeReleaseGeneratedProguardFiles UP-TO-DATE
> Task :flutter_secure_storage:exportReleaseConsumerProguardFiles UP-TO-DATE
> Task :image_picker_android:exportReleaseConsumerProguardFiles UP-TO-DATE
> Task :flutter_tts:checkKotlinGradlePluginConfigurationErrors SKIPPED
> Task :geolocator_android:generateReleaseResValues UP-TO-DATE
> Task :flutter_tts:generateReleaseResValues UP-TO-DATE
> Task :flutter_tts:generateReleaseResources UP-TO-DATE
> Task :geolocator_android:generateReleaseResources UP-TO-DATE
> Task :flutter_tts:packageReleaseResources UP-TO-DATE
> Task :geolocator_android:packageReleaseResources UP-TO-DATE
> Task :flutter_tts:parseReleaseLocalResources UP-TO-DATE
> Task :geolocator_android:parseReleaseLocalResources UP-TO-DATE
> Task :flutter_tts:generateReleaseRFile UP-TO-DATE
> Task :geolocator_android:generateReleaseRFile UP-TO-DATE
> Task :geolocator_android:javaPreCompileRelease UP-TO-DATE
> Task :geolocator_android:compileReleaseJavaWithJavac UP-TO-DATE
> Task :geolocator_android:mergeReleaseGeneratedProguardFiles UP-TO-DATE
> Task :geolocator_android:exportReleaseConsumerProguardFiles UP-TO-DATE
> Task :open_filex:generateReleaseResValues UP-TO-DATE
> Task :open_filex:generateReleaseResources UP-TO-DATE
> Task :open_filex:packageReleaseResources UP-TO-DATE
> Task :open_filex:parseReleaseLocalResources UP-TO-DATE
> Task :open_filex:generateReleaseRFile UP-TO-DATE
> Task :open_filex:javaPreCompileRelease UP-TO-DATE
> Task :flutter_tts:compileReleaseKotlin UP-TO-DATE
> Task :flutter_tts:javaPreCompileRelease UP-TO-DATE
> Task :flutter_tts:compileReleaseJavaWithJavac NO-SOURCE
> Task :flutter_tts:mergeReleaseGeneratedProguardFiles UP-TO-DATE
> Task :flutter_tts:exportReleaseConsumerProguardFiles UP-TO-DATE
> Task :package_info_plus:checkKotlinGradlePluginConfigurationErrors SKIPPED
> Task :package_info_plus:generateReleaseResValues UP-TO-DATE
> Task :package_info_plus:generateReleaseResources UP-TO-DATE
> Task :package_info_plus:packageReleaseResources UP-TO-DATE
> Task :package_info_plus:parseReleaseLocalResources UP-TO-DATE
> Task :package_info_plus:generateReleaseRFile UP-TO-DATE
> Task :open_filex:compileReleaseJavaWithJavac UP-TO-DATE
> Task :open_filex:mergeReleaseGeneratedProguardFiles UP-TO-DATE
> Task :open_filex:exportReleaseConsumerProguardFiles UP-TO-DATE
> Task :sentry_flutter:checkKotlinGradlePluginConfigurationErrors SKIPPED
> Task :sentry_flutter:generateReleaseResValues UP-TO-DATE
> Task :sentry_flutter:generateReleaseResources UP-TO-DATE
> Task :package_info_plus:compileReleaseKotlin UP-TO-DATE
> Task :package_info_plus:javaPreCompileRelease UP-TO-DATE
> Task :sentry_flutter:packageReleaseResources UP-TO-DATE
> Task :package_info_plus:compileReleaseJavaWithJavac NO-SOURCE
> Task :package_info_plus:bundleLibCompileToJarRelease UP-TO-DATE
> Task :sentry_flutter:parseReleaseLocalResources UP-TO-DATE
> Task :package_info_plus:mergeReleaseGeneratedProguardFiles UP-TO-DATE
> Task :package_info_plus:exportReleaseConsumerProguardFiles UP-TO-DATE
> Task :path_provider_android:generateReleaseResValues UP-TO-DATE
> Task :sentry_flutter:generateReleaseRFile UP-TO-DATE
> Task :path_provider_android:generateReleaseResources UP-TO-DATE
> Task :path_provider_android:packageReleaseResources UP-TO-DATE
> Task :path_provider_android:parseReleaseLocalResources UP-TO-DATE
> Task :path_provider_android:generateReleaseRFile UP-TO-DATE
> Task :path_provider_android:javaPreCompileRelease UP-TO-DATE
> Task :path_provider_android:compileReleaseJavaWithJavac UP-TO-DATE
> Task :path_provider_android:mergeReleaseGeneratedProguardFiles UP-TO-DATE
> Task :path_provider_android:exportReleaseConsumerProguardFiles UP-TO-DATE
> Task :permission_handler_android:generateReleaseResValues UP-TO-DATE
> Task :permission_handler_android:generateReleaseResources UP-TO-DATE
> Task :permission_handler_android:packageReleaseResources UP-TO-DATE
> Task :permission_handler_android:parseReleaseLocalResources UP-TO-DATE
> Task :permission_handler_android:generateReleaseRFile UP-TO-DATE
> Task :permission_handler_android:javaPreCompileRelease UP-TO-DATE
> Task :permission_handler_android:compileReleaseJavaWithJavac UP-TO-DATE
> Task :permission_handler_android:mergeReleaseGeneratedProguardFiles UP-TO-DATE
> Task :permission_handler_android:exportReleaseConsumerProguardFiles UP-TO-DATE
> Task :printing:generateReleaseResValues UP-TO-DATE
> Task :printing:generateReleaseResources UP-TO-DATE
> Task :printing:packageReleaseResources UP-TO-DATE
> Task :printing:parseReleaseLocalResources UP-TO-DATE
> Task :printing:generateReleaseRFile UP-TO-DATE
> Task :printing:javaPreCompileRelease UP-TO-DATE
> Task :printing:compileReleaseJavaWithJavac UP-TO-DATE
> Task :printing:mergeReleaseGeneratedProguardFiles UP-TO-DATE
> Task :printing:exportReleaseConsumerProguardFiles UP-TO-DATE
> Task :share_plus:checkKotlinGradlePluginConfigurationErrors SKIPPED
> Task :share_plus:generateReleaseResValues UP-TO-DATE
> Task :share_plus:generateReleaseResources UP-TO-DATE
> Task :share_plus:packageReleaseResources UP-TO-DATE
> Task :share_plus:parseReleaseLocalResources UP-TO-DATE
> Task :share_plus:generateReleaseRFile UP-TO-DATE
> Task :sentry_flutter:compileReleaseKotlin UP-TO-DATE
> Task :sentry_flutter:javaPreCompileRelease UP-TO-DATE
> Task :sentry_flutter:compileReleaseJavaWithJavac NO-SOURCE
> Task :sentry_flutter:mergeReleaseGeneratedProguardFiles UP-TO-DATE
> Task :sentry_flutter:exportReleaseConsumerProguardFiles UP-TO-DATE
> Task :shared_preferences_android:checkKotlinGradlePluginConfigurationErrors SKIPPED
> Task :shared_preferences_android:generateReleaseResValues UP-TO-DATE
> Task :shared_preferences_android:generateReleaseResources UP-TO-DATE
> Task :shared_preferences_android:packageReleaseResources UP-TO-DATE
> Task :shared_preferences_android:parseReleaseLocalResources UP-TO-DATE
> Task :shared_preferences_android:generateReleaseRFile UP-TO-DATE
> Task :share_plus:compileReleaseKotlin UP-TO-DATE
> Task :share_plus:javaPreCompileRelease UP-TO-DATE
> Task :share_plus:compileReleaseJavaWithJavac NO-SOURCE
> Task :share_plus:mergeReleaseGeneratedProguardFiles UP-TO-DATE
> Task :share_plus:exportReleaseConsumerProguardFiles UP-TO-DATE
> Task :url_launcher_android:generateReleaseBuildConfig UP-TO-DATE
> Task :url_launcher_android:generateReleaseResValues UP-TO-DATE
> Task :url_launcher_android:generateReleaseResources UP-TO-DATE
> Task :url_launcher_android:packageReleaseResources UP-TO-DATE
> Task :url_launcher_android:parseReleaseLocalResources UP-TO-DATE
> Task :url_launcher_android:generateReleaseRFile UP-TO-DATE
> Task :url_launcher_android:javaPreCompileRelease UP-TO-DATE
> Task :url_launcher_android:compileReleaseJavaWithJavac UP-TO-DATE
> Task :url_launcher_android:mergeReleaseGeneratedProguardFiles UP-TO-DATE
> Task :url_launcher_android:exportReleaseConsumerProguardFiles UP-TO-DATE
> Task :webview_flutter_android:checkKotlinGradlePluginConfigurationErrors SKIPPED
> Task :webview_flutter_android:generateReleaseResValues UP-TO-DATE
> Task :webview_flutter_android:generateReleaseResources UP-TO-DATE
> Task :webview_flutter_android:packageReleaseResources UP-TO-DATE
> Task :webview_flutter_android:parseReleaseLocalResources UP-TO-DATE
> Task :webview_flutter_android:generateReleaseRFile UP-TO-DATE
> Task :shared_preferences_android:compileReleaseKotlin UP-TO-DATE
> Task :shared_preferences_android:javaPreCompileRelease UP-TO-DATE
> Task :shared_preferences_android:compileReleaseJavaWithJavac UP-TO-DATE
> Task :shared_preferences_android:mergeReleaseGeneratedProguardFiles UP-TO-DATE
> Task :shared_preferences_android:exportReleaseConsumerProguardFiles UP-TO-DATE
> Task :workmanager_android:checkKotlinGradlePluginConfigurationErrors SKIPPED
> Task :workmanager_android:generateReleaseResValues UP-TO-DATE
> Task :workmanager_android:generateReleaseResources UP-TO-DATE
> Task :workmanager_android:packageReleaseResources UP-TO-DATE
> Task :workmanager_android:parseReleaseLocalResources UP-TO-DATE
> Task :workmanager_android:generateReleaseRFile UP-TO-DATE
> Task :webview_flutter_android:compileReleaseKotlin UP-TO-DATE
> Task :webview_flutter_android:javaPreCompileRelease UP-TO-DATE
> Task :webview_flutter_android:compileReleaseJavaWithJavac UP-TO-DATE
> Task :webview_flutter_android:mergeReleaseGeneratedProguardFiles UP-TO-DATE
> Task :webview_flutter_android:exportReleaseConsumerProguardFiles UP-TO-DATE
> Task :app:buildKotlinToolingMetadata UP-TO-DATE
> Task :app:checkReleaseDuplicateClasses UP-TO-DATE
> Task :app:checkKotlinGradlePluginConfigurationErrors SKIPPED
> Task :connectivity_plus:writeReleaseAarMetadata UP-TO-DATE
> Task :device_info_plus:writeReleaseAarMetadata UP-TO-DATE
> Task :flutter_bluetooth_printer:writeReleaseAarMetadata UP-TO-DATE
> Task :flutter_local_notifications:writeReleaseAarMetadata UP-TO-DATE
> Task :flutter_pdfview:writeReleaseAarMetadata UP-TO-DATE
> Task :flutter_plugin_android_lifecycle:writeReleaseAarMetadata UP-TO-DATE
> Task :flutter_secure_storage:writeReleaseAarMetadata UP-TO-DATE
> Task :flutter_tts:writeReleaseAarMetadata UP-TO-DATE
> Task :geolocator_android:writeReleaseAarMetadata UP-TO-DATE
> Task :image_picker_android:writeReleaseAarMetadata UP-TO-DATE
> Task :open_filex:writeReleaseAarMetadata UP-TO-DATE
> Task :package_info_plus:writeReleaseAarMetadata UP-TO-DATE
> Task :path_provider_android:writeReleaseAarMetadata UP-TO-DATE
> Task :permission_handler_android:writeReleaseAarMetadata UP-TO-DATE
> Task :printing:writeReleaseAarMetadata UP-TO-DATE
> Task :sentry_flutter:writeReleaseAarMetadata UP-TO-DATE
> Task :share_plus:writeReleaseAarMetadata UP-TO-DATE
> Task :shared_preferences_android:writeReleaseAarMetadata UP-TO-DATE
> Task :url_launcher_android:writeReleaseAarMetadata UP-TO-DATE
> Task :webview_flutter_android:writeReleaseAarMetadata UP-TO-DATE
> Task :workmanager_android:compileReleaseKotlin UP-TO-DATE
> Task :workmanager_android:javaPreCompileRelease UP-TO-DATE
> Task :app:cleanMergeReleaseAssets
> Task :workmanager_android:compileReleaseJavaWithJavac NO-SOURCE
> Task :app:mergeReleaseShaders UP-TO-DATE
> Task :workmanager_android:mergeReleaseGeneratedProguardFiles UP-TO-DATE
> Task :app:compileReleaseShaders NO-SOURCE
> Task :app:generateReleaseAssets UP-TO-DATE
> Task :workmanager_android:exportReleaseConsumerProguardFiles UP-TO-DATE
> Task :connectivity_plus:mergeReleaseShaders UP-TO-DATE
> Task :workmanager_android:writeReleaseAarMetadata UP-TO-DATE
> Task :connectivity_plus:compileReleaseShaders NO-SOURCE
> Task :connectivity_plus:generateReleaseAssets UP-TO-DATE
> Task :connectivity_plus:mergeReleaseAssets UP-TO-DATE
> Task :device_info_plus:mergeReleaseShaders UP-TO-DATE
> Task :device_info_plus:compileReleaseShaders NO-SOURCE
> Task :device_info_plus:generateReleaseAssets UP-TO-DATE
> Task :device_info_plus:mergeReleaseAssets UP-TO-DATE
> Task :flutter_bluetooth_printer:mergeReleaseShaders UP-TO-DATE
> Task :flutter_bluetooth_printer:compileReleaseShaders NO-SOURCE
> Task :flutter_bluetooth_printer:generateReleaseAssets UP-TO-DATE
> Task :flutter_bluetooth_printer:mergeReleaseAssets UP-TO-DATE
> Task :flutter_local_notifications:mergeReleaseShaders UP-TO-DATE
> Task :flutter_local_notifications:compileReleaseShaders NO-SOURCE
> Task :flutter_local_notifications:generateReleaseAssets UP-TO-DATE
> Task :flutter_local_notifications:mergeReleaseAssets UP-TO-DATE
> Task :flutter_pdfview:mergeReleaseShaders UP-TO-DATE
> Task :flutter_pdfview:compileReleaseShaders NO-SOURCE
> Task :flutter_pdfview:generateReleaseAssets UP-TO-DATE
> Task :flutter_pdfview:mergeReleaseAssets UP-TO-DATE
> Task :flutter_plugin_android_lifecycle:mergeReleaseShaders UP-TO-DATE
> Task :flutter_plugin_android_lifecycle:compileReleaseShaders NO-SOURCE
> Task :flutter_plugin_android_lifecycle:generateReleaseAssets UP-TO-DATE
> Task :flutter_plugin_android_lifecycle:mergeReleaseAssets UP-TO-DATE
> Task :flutter_secure_storage:mergeReleaseShaders UP-TO-DATE
> Task :flutter_secure_storage:compileReleaseShaders NO-SOURCE
> Task :flutter_secure_storage:generateReleaseAssets UP-TO-DATE
> Task :flutter_secure_storage:mergeReleaseAssets UP-TO-DATE
> Task :flutter_tts:mergeReleaseShaders UP-TO-DATE
> Task :flutter_tts:compileReleaseShaders NO-SOURCE
> Task :flutter_tts:generateReleaseAssets UP-TO-DATE
> Task :flutter_tts:mergeReleaseAssets UP-TO-DATE
> Task :geolocator_android:mergeReleaseShaders UP-TO-DATE
> Task :geolocator_android:compileReleaseShaders NO-SOURCE
> Task :geolocator_android:generateReleaseAssets UP-TO-DATE
> Task :geolocator_android:mergeReleaseAssets UP-TO-DATE
> Task :image_picker_android:mergeReleaseShaders UP-TO-DATE
> Task :image_picker_android:compileReleaseShaders NO-SOURCE
> Task :image_picker_android:generateReleaseAssets UP-TO-DATE
> Task :image_picker_android:mergeReleaseAssets UP-TO-DATE
> Task :open_filex:mergeReleaseShaders UP-TO-DATE
> Task :open_filex:compileReleaseShaders NO-SOURCE
> Task :open_filex:generateReleaseAssets UP-TO-DATE
> Task :open_filex:mergeReleaseAssets UP-TO-DATE
> Task :package_info_plus:mergeReleaseShaders UP-TO-DATE
> Task :package_info_plus:compileReleaseShaders NO-SOURCE
> Task :package_info_plus:generateReleaseAssets UP-TO-DATE
> Task :package_info_plus:mergeReleaseAssets UP-TO-DATE
> Task :path_provider_android:mergeReleaseShaders UP-TO-DATE
> Task :path_provider_android:compileReleaseShaders NO-SOURCE
> Task :path_provider_android:generateReleaseAssets UP-TO-DATE
> Task :path_provider_android:mergeReleaseAssets UP-TO-DATE
> Task :permission_handler_android:mergeReleaseShaders UP-TO-DATE
> Task :permission_handler_android:compileReleaseShaders NO-SOURCE
> Task :permission_handler_android:generateReleaseAssets UP-TO-DATE
> Task :permission_handler_android:mergeReleaseAssets UP-TO-DATE
> Task :printing:mergeReleaseShaders UP-TO-DATE
> Task :printing:compileReleaseShaders NO-SOURCE
> Task :printing:generateReleaseAssets UP-TO-DATE
> Task :printing:mergeReleaseAssets UP-TO-DATE
> Task :sentry_flutter:mergeReleaseShaders UP-TO-DATE
> Task :sentry_flutter:compileReleaseShaders NO-SOURCE
> Task :sentry_flutter:generateReleaseAssets UP-TO-DATE
> Task :sentry_flutter:mergeReleaseAssets UP-TO-DATE
> Task :share_plus:mergeReleaseShaders UP-TO-DATE
> Task :share_plus:compileReleaseShaders NO-SOURCE
> Task :share_plus:generateReleaseAssets UP-TO-DATE
> Task :share_plus:mergeReleaseAssets UP-TO-DATE
> Task :shared_preferences_android:mergeReleaseShaders UP-TO-DATE
> Task :shared_preferences_android:compileReleaseShaders NO-SOURCE
> Task :shared_preferences_android:generateReleaseAssets UP-TO-DATE
> Task :shared_preferences_android:mergeReleaseAssets UP-TO-DATE
> Task :url_launcher_android:mergeReleaseShaders UP-TO-DATE
> Task :url_launcher_android:compileReleaseShaders NO-SOURCE
> Task :url_launcher_android:generateReleaseAssets UP-TO-DATE
> Task :url_launcher_android:mergeReleaseAssets UP-TO-DATE
> Task :webview_flutter_android:mergeReleaseShaders UP-TO-DATE
> Task :webview_flutter_android:compileReleaseShaders NO-SOURCE
> Task :webview_flutter_android:generateReleaseAssets UP-TO-DATE
> Task :app:checkReleaseAarMetadata UP-TO-DATE
> Task :workmanager_android:mergeReleaseShaders UP-TO-DATE
> Task :webview_flutter_android:mergeReleaseAssets UP-TO-DATE
> Task :workmanager_android:compileReleaseShaders NO-SOURCE
> Task :workmanager_android:generateReleaseAssets UP-TO-DATE
> Task :app:generateReleaseResValues UP-TO-DATE
> Task :workmanager_android:mergeReleaseAssets UP-TO-DATE
> Task :connectivity_plus:extractDeepLinksRelease UP-TO-DATE
> Task :connectivity_plus:processReleaseManifest UP-TO-DATE
> Task :device_info_plus:extractDeepLinksRelease UP-TO-DATE
> Task :device_info_plus:processReleaseManifest UP-TO-DATE
> Task :flutter_bluetooth_printer:extractDeepLinksRelease UP-TO-DATE
> Task :flutter_bluetooth_printer:processReleaseManifest UP-TO-DATE
> Task :flutter_local_notifications:extractDeepLinksRelease UP-TO-DATE
> Task :flutter_local_notifications:processReleaseManifest UP-TO-DATE
> Task :flutter_pdfview:extractDeepLinksRelease UP-TO-DATE
> Task :flutter_pdfview:processReleaseManifest UP-TO-DATE
> Task :flutter_plugin_android_lifecycle:extractDeepLinksRelease UP-TO-DATE
> Task :flutter_plugin_android_lifecycle:processReleaseManifest UP-TO-DATE
> Task :flutter_secure_storage:extractDeepLinksRelease UP-TO-DATE
> Task :flutter_secure_storage:processReleaseManifest UP-TO-DATE
> Task :flutter_tts:extractDeepLinksRelease UP-TO-DATE
> Task :flutter_tts:processReleaseManifest UP-TO-DATE
> Task :geolocator_android:extractDeepLinksRelease UP-TO-DATE
> Task :geolocator_android:processReleaseManifest UP-TO-DATE
> Task :image_picker_android:extractDeepLinksRelease UP-TO-DATE
> Task :image_picker_android:processReleaseManifest UP-TO-DATE
> Task :open_filex:extractDeepLinksRelease UP-TO-DATE
> Task :open_filex:processReleaseManifest UP-TO-DATE
> Task :package_info_plus:extractDeepLinksRelease UP-TO-DATE
> Task :package_info_plus:processReleaseManifest UP-TO-DATE
> Task :path_provider_android:extractDeepLinksRelease UP-TO-DATE
> Task :path_provider_android:processReleaseManifest UP-TO-DATE
> Task :permission_handler_android:extractDeepLinksRelease UP-TO-DATE
> Task :permission_handler_android:processReleaseManifest UP-TO-DATE
> Task :printing:extractDeepLinksRelease UP-TO-DATE
> Task :printing:processReleaseManifest UP-TO-DATE
> Task :sentry_flutter:extractDeepLinksRelease UP-TO-DATE
> Task :sentry_flutter:processReleaseManifest UP-TO-DATE
> Task :share_plus:extractDeepLinksRelease UP-TO-DATE
> Task :share_plus:processReleaseManifest UP-TO-DATE
> Task :shared_preferences_android:extractDeepLinksRelease UP-TO-DATE
> Task :shared_preferences_android:processReleaseManifest UP-TO-DATE
> Task :url_launcher_android:extractDeepLinksRelease UP-TO-DATE
> Task :url_launcher_android:processReleaseManifest UP-TO-DATE
> Task :app:mapReleaseSourceSetPaths UP-TO-DATE
> Task :webview_flutter_android:extractDeepLinksRelease UP-TO-DATE
> Task :webview_flutter_android:processReleaseManifest UP-TO-DATE
> Task :workmanager_android:extractDeepLinksRelease UP-TO-DATE
> Task :workmanager_android:processReleaseManifest UP-TO-DATE
> Task :connectivity_plus:bundleLibCompileToJarRelease UP-TO-DATE
> Task :device_info_plus:bundleLibCompileToJarRelease UP-TO-DATE
> Task :flutter_bluetooth_printer:bundleLibCompileToJarRelease UP-TO-DATE
> Task :flutter_local_notifications:bundleLibCompileToJarRelease UP-TO-DATE
> Task :flutter_pdfview:bundleLibCompileToJarRelease UP-TO-DATE
> Task :flutter_secure_storage:bundleLibCompileToJarRelease UP-TO-DATE
> Task :flutter_tts:bundleLibCompileToJarRelease UP-TO-DATE
> Task :geolocator_android:bundleLibCompileToJarRelease UP-TO-DATE
> Task :image_picker_android:bundleLibCompileToJarRelease UP-TO-DATE
> Task :open_filex:bundleLibCompileToJarRelease UP-TO-DATE
> Task :path_provider_android:bundleLibCompileToJarRelease UP-TO-DATE
> Task :permission_handler_android:bundleLibCompileToJarRelease UP-TO-DATE
> Task :printing:bundleLibCompileToJarRelease UP-TO-DATE
> Task :sentry_flutter:bundleLibCompileToJarRelease UP-TO-DATE
> Task :share_plus:bundleLibCompileToJarRelease UP-TO-DATE
> Task :shared_preferences_android:bundleLibCompileToJarRelease UP-TO-DATE
> Task :url_launcher_android:bundleLibCompileToJarRelease UP-TO-DATE
> Task :webview_flutter_android:bundleLibCompileToJarRelease UP-TO-DATE
> Task :workmanager_android:bundleLibCompileToJarRelease UP-TO-DATE
> Task :connectivity_plus:bundleLibRuntimeToJarRelease UP-TO-DATE
> Task :device_info_plus:bundleLibRuntimeToJarRelease UP-TO-DATE
> Task :flutter_bluetooth_printer:bundleLibRuntimeToJarRelease UP-TO-DATE
> Task :flutter_local_notifications:bundleLibRuntimeToJarRelease UP-TO-DATE
> Task :flutter_pdfview:bundleLibRuntimeToJarRelease UP-TO-DATE
> Task :flutter_plugin_android_lifecycle:bundleLibRuntimeToJarRelease UP-TO-DATE
> Task :flutter_secure_storage:bundleLibRuntimeToJarRelease UP-TO-DATE
> Task :flutter_tts:bundleLibRuntimeToJarRelease UP-TO-DATE
> Task :geolocator_android:bundleLibRuntimeToJarRelease UP-TO-DATE
> Task :image_picker_android:bundleLibRuntimeToJarRelease UP-TO-DATE
> Task :open_filex:bundleLibRuntimeToJarRelease UP-TO-DATE
> Task :package_info_plus:bundleLibRuntimeToJarRelease UP-TO-DATE
> Task :path_provider_android:bundleLibRuntimeToJarRelease UP-TO-DATE
> Task :permission_handler_android:bundleLibRuntimeToJarRelease UP-TO-DATE
> Task :printing:bundleLibRuntimeToJarRelease UP-TO-DATE
> Task :sentry_flutter:bundleLibRuntimeToJarRelease UP-TO-DATE
> Task :share_plus:bundleLibRuntimeToJarRelease UP-TO-DATE
> Task :shared_preferences_android:bundleLibRuntimeToJarRelease UP-TO-DATE
> Task :url_launcher_android:bundleLibRuntimeToJarRelease UP-TO-DATE
> Task :webview_flutter_android:bundleLibRuntimeToJarRelease UP-TO-DATE
> Task :workmanager_android:bundleLibRuntimeToJarRelease UP-TO-DATE
> Task :connectivity_plus:processReleaseJavaRes NO-SOURCE
> Task :device_info_plus:processReleaseJavaRes UP-TO-DATE
> Task :flutter_bluetooth_printer:processReleaseJavaRes NO-SOURCE
> Task :flutter_local_notifications:processReleaseJavaRes NO-SOURCE
> Task :flutter_pdfview:processReleaseJavaRes NO-SOURCE
> Task :flutter_plugin_android_lifecycle:processReleaseJavaRes NO-SOURCE
> Task :flutter_secure_storage:processReleaseJavaRes NO-SOURCE
> Task :flutter_tts:processReleaseJavaRes UP-TO-DATE
> Task :geolocator_android:processReleaseJavaRes NO-SOURCE
> Task :image_picker_android:processReleaseJavaRes NO-SOURCE
> Task :open_filex:processReleaseJavaRes NO-SOURCE
> Task :package_info_plus:processReleaseJavaRes UP-TO-DATE
> Task :path_provider_android:processReleaseJavaRes NO-SOURCE
> Task :permission_handler_android:processReleaseJavaRes NO-SOURCE
> Task :printing:processReleaseJavaRes NO-SOURCE
> Task :sentry_flutter:processReleaseJavaRes UP-TO-DATE
> Task :share_plus:processReleaseJavaRes UP-TO-DATE
> Task :shared_preferences_android:processReleaseJavaRes UP-TO-DATE
> Task :url_launcher_android:processReleaseJavaRes NO-SOURCE
> Task :webview_flutter_android:processReleaseJavaRes UP-TO-DATE
> Task :workmanager_android:processReleaseJavaRes UP-TO-DATE
> Task :connectivity_plus:mergeReleaseJniLibFolders UP-TO-DATE
> Task :connectivity_plus:mergeReleaseNativeLibs NO-SOURCE
> Task :connectivity_plus:copyReleaseJniLibsProjectOnly UP-TO-DATE
> Task :device_info_plus:mergeReleaseJniLibFolders UP-TO-DATE
> Task :device_info_plus:mergeReleaseNativeLibs NO-SOURCE
> Task :device_info_plus:copyReleaseJniLibsProjectOnly UP-TO-DATE
> Task :flutter_bluetooth_printer:mergeReleaseJniLibFolders UP-TO-DATE
> Task :flutter_bluetooth_printer:mergeReleaseNativeLibs NO-SOURCE
> Task :flutter_bluetooth_printer:copyReleaseJniLibsProjectOnly UP-TO-DATE
> Task :flutter_local_notifications:mergeReleaseJniLibFolders UP-TO-DATE
> Task :flutter_local_notifications:mergeReleaseNativeLibs NO-SOURCE
> Task :flutter_local_notifications:copyReleaseJniLibsProjectOnly UP-TO-DATE
> Task :flutter_pdfview:mergeReleaseJniLibFolders UP-TO-DATE
> Task :flutter_pdfview:mergeReleaseNativeLibs NO-SOURCE
> Task :flutter_pdfview:copyReleaseJniLibsProjectOnly UP-TO-DATE
> Task :flutter_plugin_android_lifecycle:mergeReleaseJniLibFolders UP-TO-DATE
> Task :flutter_plugin_android_lifecycle:mergeReleaseNativeLibs NO-SOURCE
> Task :flutter_plugin_android_lifecycle:copyReleaseJniLibsProjectOnly UP-TO-DATE
> Task :flutter_secure_storage:mergeReleaseJniLibFolders UP-TO-DATE
> Task :flutter_secure_storage:mergeReleaseNativeLibs NO-SOURCE
> Task :flutter_secure_storage:copyReleaseJniLibsProjectOnly UP-TO-DATE
> Task :flutter_tts:mergeReleaseJniLibFolders UP-TO-DATE
> Task :flutter_tts:mergeReleaseNativeLibs NO-SOURCE
> Task :flutter_tts:copyReleaseJniLibsProjectOnly UP-TO-DATE
> Task :geolocator_android:mergeReleaseJniLibFolders UP-TO-DATE
> Task :geolocator_android:mergeReleaseNativeLibs NO-SOURCE
> Task :geolocator_android:copyReleaseJniLibsProjectOnly UP-TO-DATE
> Task :image_picker_android:mergeReleaseJniLibFolders UP-TO-DATE
> Task :image_picker_android:mergeReleaseNativeLibs NO-SOURCE
> Task :image_picker_android:copyReleaseJniLibsProjectOnly UP-TO-DATE
> Task :open_filex:mergeReleaseJniLibFolders UP-TO-DATE
> Task :open_filex:mergeReleaseNativeLibs NO-SOURCE
> Task :open_filex:copyReleaseJniLibsProjectOnly UP-TO-DATE
> Task :package_info_plus:mergeReleaseJniLibFolders UP-TO-DATE
> Task :package_info_plus:mergeReleaseNativeLibs NO-SOURCE
> Task :package_info_plus:copyReleaseJniLibsProjectOnly UP-TO-DATE
> Task :path_provider_android:mergeReleaseJniLibFolders UP-TO-DATE
> Task :app:mergeReleaseAssets
> Task :path_provider_android:mergeReleaseNativeLibs NO-SOURCE
> Task :path_provider_android:copyReleaseJniLibsProjectOnly UP-TO-DATE
> Task :permission_handler_android:mergeReleaseJniLibFolders UP-TO-DATE
> Task :permission_handler_android:mergeReleaseNativeLibs NO-SOURCE
> Task :permission_handler_android:copyReleaseJniLibsProjectOnly UP-TO-DATE
> Task :printing:mergeReleaseJniLibFolders UP-TO-DATE
> Task :printing:mergeReleaseNativeLibs NO-SOURCE
> Task :printing:copyReleaseJniLibsProjectOnly UP-TO-DATE
> Task :sentry_flutter:mergeReleaseJniLibFolders UP-TO-DATE
> Task :sentry_flutter:mergeReleaseNativeLibs NO-SOURCE
> Task :sentry_flutter:copyReleaseJniLibsProjectOnly UP-TO-DATE
> Task :share_plus:mergeReleaseJniLibFolders UP-TO-DATE
> Task :share_plus:mergeReleaseNativeLibs NO-SOURCE
> Task :share_plus:copyReleaseJniLibsProjectOnly UP-TO-DATE
> Task :shared_preferences_android:mergeReleaseJniLibFolders UP-TO-DATE
> Task :shared_preferences_android:mergeReleaseNativeLibs NO-SOURCE
> Task :shared_preferences_android:copyReleaseJniLibsProjectOnly UP-TO-DATE
> Task :url_launcher_android:mergeReleaseJniLibFolders UP-TO-DATE
> Task :url_launcher_android:mergeReleaseNativeLibs NO-SOURCE
> Task :url_launcher_android:copyReleaseJniLibsProjectOnly UP-TO-DATE
> Task :webview_flutter_android:mergeReleaseJniLibFolders UP-TO-DATE
> Task :webview_flutter_android:mergeReleaseNativeLibs NO-SOURCE
> Task :webview_flutter_android:copyReleaseJniLibsProjectOnly UP-TO-DATE
> Task :workmanager_android:mergeReleaseJniLibFolders UP-TO-DATE
> Task :workmanager_android:mergeReleaseNativeLibs NO-SOURCE
> Task :workmanager_android:copyReleaseJniLibsProjectOnly UP-TO-DATE
> Task :connectivity_plus:createFullJarRelease UP-TO-DATE
> Task :connectivity_plus:extractProguardFiles UP-TO-DATE
> Task :app:copyFlutterAssetsRelease
> Task :app:generateReleaseResources UP-TO-DATE
> Task :connectivity_plus:generateReleaseLintModel UP-TO-DATE
> Task :connectivity_plus:prepareLintJarForPublish UP-TO-DATE
> Task :device_info_plus:createFullJarRelease UP-TO-DATE
> Task :device_info_plus:extractProguardFiles UP-TO-DATE
> Task :app:mergeReleaseResources UP-TO-DATE
> Task :app:packageReleaseResources UP-TO-DATE
> Task :app:parseReleaseLocalResources UP-TO-DATE
> Task :app:createReleaseCompatibleScreenManifests UP-TO-DATE
> Task :app:extractDeepLinksRelease UP-TO-DATE
> Task :device_info_plus:generateReleaseLintModel UP-TO-DATE
> Task :device_info_plus:prepareLintJarForPublish UP-TO-DATE
> Task :flutter_bluetooth_printer:createFullJarRelease UP-TO-DATE
> Task :flutter_bluetooth_printer:extractProguardFiles UP-TO-DATE
> Task :flutter_bluetooth_printer:generateReleaseLintModel UP-TO-DATE
> Task :flutter_bluetooth_printer:prepareLintJarForPublish UP-TO-DATE
> Task :flutter_local_notifications:createFullJarRelease UP-TO-DATE
> Task :flutter_local_notifications:extractProguardFiles UP-TO-DATE
> Task :app:processReleaseMainManifest UP-TO-DATE
> Task :app:processReleaseManifest UP-TO-DATE
> Task :app:processReleaseManifestForPackage UP-TO-DATE
> Task :app:processReleaseResources UP-TO-DATE
> Task :flutter_local_notifications:generateReleaseLintModel UP-TO-DATE
> Task :flutter_local_notifications:prepareLintJarForPublish UP-TO-DATE
> Task :flutter_pdfview:createFullJarRelease UP-TO-DATE
> Task :flutter_pdfview:extractProguardFiles UP-TO-DATE
> Task :app:compileReleaseKotlin UP-TO-DATE
> Task :app:javaPreCompileRelease UP-TO-DATE
> Task :flutter_pdfview:generateReleaseLintModel UP-TO-DATE
> Task :flutter_pdfview:prepareLintJarForPublish UP-TO-DATE
> Task :flutter_plugin_android_lifecycle:createFullJarRelease UP-TO-DATE
> Task :flutter_plugin_android_lifecycle:extractProguardFiles UP-TO-DATE
> Task :flutter_plugin_android_lifecycle:generateReleaseLintModel UP-TO-DATE
> Task :flutter_plugin_android_lifecycle:prepareLintJarForPublish UP-TO-DATE
> Task :flutter_secure_storage:createFullJarRelease UP-TO-DATE
> Task :flutter_secure_storage:extractProguardFiles UP-TO-DATE
> Task :flutter_secure_storage:generateReleaseLintModel UP-TO-DATE
> Task :flutter_secure_storage:prepareLintJarForPublish UP-TO-DATE
> Task :flutter_tts:createFullJarRelease UP-TO-DATE
> Task :flutter_tts:extractProguardFiles UP-TO-DATE
> Task :flutter_tts:generateReleaseLintModel UP-TO-DATE
> Task :flutter_tts:prepareLintJarForPublish UP-TO-DATE
> Task :geolocator_android:createFullJarRelease UP-TO-DATE
> Task :geolocator_android:extractProguardFiles UP-TO-DATE
> Task :geolocator_android:generateReleaseLintModel UP-TO-DATE
> Task :geolocator_android:prepareLintJarForPublish UP-TO-DATE
> Task :image_picker_android:createFullJarRelease UP-TO-DATE
> Task :image_picker_android:extractProguardFiles UP-TO-DATE
> Task :image_picker_android:generateReleaseLintModel UP-TO-DATE
> Task :image_picker_android:prepareLintJarForPublish UP-TO-DATE
> Task :open_filex:createFullJarRelease UP-TO-DATE
> Task :open_filex:extractProguardFiles UP-TO-DATE
> Task :open_filex:generateReleaseLintModel UP-TO-DATE
> Task :open_filex:prepareLintJarForPublish UP-TO-DATE
> Task :package_info_plus:createFullJarRelease UP-TO-DATE
> Task :package_info_plus:extractProguardFiles UP-TO-DATE
> Task :package_info_plus:generateReleaseLintModel UP-TO-DATE
> Task :package_info_plus:prepareLintJarForPublish UP-TO-DATE
> Task :path_provider_android:createFullJarRelease UP-TO-DATE
> Task :path_provider_android:extractProguardFiles UP-TO-DATE
> Task :path_provider_android:generateReleaseLintModel UP-TO-DATE
> Task :path_provider_android:prepareLintJarForPublish UP-TO-DATE
> Task :permission_handler_android:createFullJarRelease UP-TO-DATE
> Task :permission_handler_android:extractProguardFiles UP-TO-DATE
> Task :permission_handler_android:generateReleaseLintModel UP-TO-DATE
> Task :permission_handler_android:prepareLintJarForPublish UP-TO-DATE
> Task :printing:createFullJarRelease UP-TO-DATE
> Task :printing:extractProguardFiles UP-TO-DATE
> Task :printing:generateReleaseLintModel UP-TO-DATE
> Task :printing:prepareLintJarForPublish UP-TO-DATE
> Task :sentry_flutter:createFullJarRelease UP-TO-DATE
> Task :sentry_flutter:extractProguardFiles UP-TO-DATE
> Task :sentry_flutter:generateReleaseLintModel UP-TO-DATE
> Task :sentry_flutter:prepareLintJarForPublish UP-TO-DATE
> Task :share_plus:createFullJarRelease UP-TO-DATE
> Task :share_plus:extractProguardFiles UP-TO-DATE
> Task :share_plus:generateReleaseLintModel UP-TO-DATE
> Task :share_plus:prepareLintJarForPublish UP-TO-DATE
> Task :shared_preferences_android:createFullJarRelease UP-TO-DATE
> Task :shared_preferences_android:extractProguardFiles UP-TO-DATE
> Task :shared_preferences_android:generateReleaseLintModel UP-TO-DATE
> Task :shared_preferences_android:prepareLintJarForPublish UP-TO-DATE
> Task :url_launcher_android:createFullJarRelease UP-TO-DATE
> Task :url_launcher_android:extractProguardFiles UP-TO-DATE
> Task :url_launcher_android:generateReleaseLintModel UP-TO-DATE
> Task :url_launcher_android:prepareLintJarForPublish UP-TO-DATE
> Task :webview_flutter_android:createFullJarRelease UP-TO-DATE
> Task :webview_flutter_android:extractProguardFiles UP-TO-DATE
> Task :webview_flutter_android:generateReleaseLintModel UP-TO-DATE
> Task :webview_flutter_android:prepareLintJarForPublish UP-TO-DATE
> Task :workmanager_android:createFullJarRelease UP-TO-DATE
> Task :workmanager_android:extractProguardFiles UP-TO-DATE
> Task :workmanager_android:generateReleaseLintModel UP-TO-DATE
> Task :workmanager_android:prepareLintJarForPublish UP-TO-DATE
> Task :connectivity_plus:stripReleaseDebugSymbols NO-SOURCE
> Task :connectivity_plus:copyReleaseJniLibsProjectAndLocalJars UP-TO-DATE
> Task :connectivity_plus:extractDeepLinksForAarRelease UP-TO-DATE
> Task :connectivity_plus:extractReleaseAnnotations UP-TO-DATE
> Task :connectivity_plus:mergeReleaseConsumerProguardFiles UP-TO-DATE
> Task :connectivity_plus:mergeReleaseJavaResource UP-TO-DATE
> Task :connectivity_plus:syncReleaseLibJars UP-TO-DATE
> Task :connectivity_plus:bundleReleaseLocalLintAar UP-TO-DATE
> Task :device_info_plus:stripReleaseDebugSymbols NO-SOURCE
> Task :device_info_plus:copyReleaseJniLibsProjectAndLocalJars UP-TO-DATE
> Task :device_info_plus:extractDeepLinksForAarRelease UP-TO-DATE
> Task :device_info_plus:extractReleaseAnnotations UP-TO-DATE
> Task :device_info_plus:mergeReleaseConsumerProguardFiles UP-TO-DATE
> Task :device_info_plus:mergeReleaseJavaResource UP-TO-DATE
> Task :device_info_plus:syncReleaseLibJars UP-TO-DATE
> Task :device_info_plus:bundleReleaseLocalLintAar UP-TO-DATE
> Task :flutter_bluetooth_printer:stripReleaseDebugSymbols NO-SOURCE
> Task :flutter_bluetooth_printer:copyReleaseJniLibsProjectAndLocalJars UP-TO-DATE
> Task :flutter_bluetooth_printer:extractDeepLinksForAarRelease UP-TO-DATE
> Task :flutter_bluetooth_printer:extractReleaseAnnotations UP-TO-DATE
> Task :flutter_bluetooth_printer:mergeReleaseConsumerProguardFiles UP-TO-DATE
> Task :flutter_bluetooth_printer:mergeReleaseJavaResource UP-TO-DATE
> Task :flutter_bluetooth_printer:syncReleaseLibJars UP-TO-DATE
> Task :flutter_bluetooth_printer:bundleReleaseLocalLintAar UP-TO-DATE
> Task :flutter_local_notifications:stripReleaseDebugSymbols NO-SOURCE
> Task :flutter_local_notifications:copyReleaseJniLibsProjectAndLocalJars UP-TO-DATE
> Task :flutter_local_notifications:extractDeepLinksForAarRelease UP-TO-DATE
> Task :flutter_local_notifications:extractReleaseAnnotations UP-TO-DATE
> Task :flutter_local_notifications:mergeReleaseConsumerProguardFiles UP-TO-DATE
> Task :flutter_local_notifications:mergeReleaseJavaResource UP-TO-DATE
> Task :flutter_local_notifications:syncReleaseLibJars UP-TO-DATE
> Task :flutter_local_notifications:bundleReleaseLocalLintAar UP-TO-DATE
> Task :flutter_pdfview:stripReleaseDebugSymbols NO-SOURCE
> Task :flutter_pdfview:copyReleaseJniLibsProjectAndLocalJars UP-TO-DATE
> Task :flutter_pdfview:extractDeepLinksForAarRelease UP-TO-DATE
> Task :flutter_pdfview:extractReleaseAnnotations UP-TO-DATE
> Task :flutter_pdfview:mergeReleaseConsumerProguardFiles UP-TO-DATE
> Task :flutter_pdfview:mergeReleaseJavaResource UP-TO-DATE
> Task :flutter_pdfview:syncReleaseLibJars UP-TO-DATE
> Task :flutter_pdfview:bundleReleaseLocalLintAar UP-TO-DATE
> Task :image_picker_android:stripReleaseDebugSymbols NO-SOURCE
> Task :image_picker_android:copyReleaseJniLibsProjectAndLocalJars UP-TO-DATE
> Task :image_picker_android:extractDeepLinksForAarRelease UP-TO-DATE
> Task :image_picker_android:extractReleaseAnnotations UP-TO-DATE
> Task :image_picker_android:mergeReleaseConsumerProguardFiles UP-TO-DATE
> Task :image_picker_android:mergeReleaseJavaResource UP-TO-DATE
> Task :image_picker_android:syncReleaseLibJars UP-TO-DATE
> Task :image_picker_android:bundleReleaseLocalLintAar UP-TO-DATE
> Task :flutter_plugin_android_lifecycle:stripReleaseDebugSymbols NO-SOURCE
> Task :flutter_plugin_android_lifecycle:copyReleaseJniLibsProjectAndLocalJars UP-TO-DATE
> Task :flutter_plugin_android_lifecycle:extractDeepLinksForAarRelease UP-TO-DATE
> Task :flutter_plugin_android_lifecycle:extractReleaseAnnotations UP-TO-DATE
> Task :flutter_plugin_android_lifecycle:mergeReleaseConsumerProguardFiles UP-TO-DATE
> Task :flutter_plugin_android_lifecycle:mergeReleaseJavaResource UP-TO-DATE
> Task :flutter_plugin_android_lifecycle:syncReleaseLibJars UP-TO-DATE
> Task :flutter_plugin_android_lifecycle:bundleReleaseLocalLintAar UP-TO-DATE
> Task :flutter_secure_storage:stripReleaseDebugSymbols NO-SOURCE
> Task :flutter_secure_storage:copyReleaseJniLibsProjectAndLocalJars UP-TO-DATE
> Task :flutter_secure_storage:extractDeepLinksForAarRelease UP-TO-DATE
> Task :app:compileReleaseJavaWithJavac
> Task :app:expandReleaseArtProfileWildcards UP-TO-DATE
> Task :app:extractProguardFiles UP-TO-DATE
> Task :app:mergeReleaseGeneratedProguardFiles UP-TO-DATE
> Task :flutter_secure_storage:extractReleaseAnnotations UP-TO-DATE
> Task :flutter_secure_storage:mergeReleaseConsumerProguardFiles UP-TO-DATE
> Task :app:processReleaseJavaRes UP-TO-DATE
> Task :flutter_secure_storage:mergeReleaseJavaResource UP-TO-DATE
> Task :flutter_secure_storage:syncReleaseLibJars UP-TO-DATE
> Task :flutter_secure_storage:bundleReleaseLocalLintAar UP-TO-DATE
> Task :flutter_tts:stripReleaseDebugSymbols NO-SOURCE
> Task :flutter_tts:copyReleaseJniLibsProjectAndLocalJars UP-TO-DATE
> Task :flutter_tts:extractDeepLinksForAarRelease UP-TO-DATE
> Task :flutter_tts:extractReleaseAnnotations UP-TO-DATE
> Task :flutter_tts:mergeReleaseConsumerProguardFiles UP-TO-DATE
> Task :flutter_tts:mergeReleaseJavaResource UP-TO-DATE
> Task :flutter_tts:syncReleaseLibJars UP-TO-DATE
> Task :flutter_tts:bundleReleaseLocalLintAar UP-TO-DATE
> Task :geolocator_android:stripReleaseDebugSymbols NO-SOURCE
> Task :geolocator_android:copyReleaseJniLibsProjectAndLocalJars UP-TO-DATE
> Task :geolocator_android:extractDeepLinksForAarRelease UP-TO-DATE
> Task :geolocator_android:extractReleaseAnnotations UP-TO-DATE
> Task :geolocator_android:mergeReleaseConsumerProguardFiles UP-TO-DATE
> Task :geolocator_android:mergeReleaseJavaResource UP-TO-DATE
> Task :geolocator_android:syncReleaseLibJars UP-TO-DATE
> Task :geolocator_android:bundleReleaseLocalLintAar UP-TO-DATE
> Task :open_filex:stripReleaseDebugSymbols NO-SOURCE
> Task :open_filex:copyReleaseJniLibsProjectAndLocalJars UP-TO-DATE
> Task :open_filex:extractDeepLinksForAarRelease UP-TO-DATE
> Task :open_filex:extractReleaseAnnotations UP-TO-DATE
> Task :open_filex:mergeReleaseConsumerProguardFiles UP-TO-DATE
> Task :open_filex:mergeReleaseJavaResource UP-TO-DATE
> Task :open_filex:syncReleaseLibJars UP-TO-DATE
> Task :open_filex:bundleReleaseLocalLintAar UP-TO-DATE
> Task :sentry_flutter:stripReleaseDebugSymbols NO-SOURCE
> Task :sentry_flutter:copyReleaseJniLibsProjectAndLocalJars UP-TO-DATE
> Task :sentry_flutter:extractDeepLinksForAarRelease UP-TO-DATE
> Task :sentry_flutter:extractReleaseAnnotations UP-TO-DATE
> Task :sentry_flutter:mergeReleaseConsumerProguardFiles UP-TO-DATE
> Task :sentry_flutter:mergeReleaseJavaResource UP-TO-DATE
> Task :sentry_flutter:syncReleaseLibJars UP-TO-DATE
> Task :sentry_flutter:bundleReleaseLocalLintAar UP-TO-DATE
> Task :app:mergeReleaseJavaResource UP-TO-DATE
> Task :app:mergeReleaseStartupProfile UP-TO-DATE
> Task :package_info_plus:stripReleaseDebugSymbols NO-SOURCE
> Task :package_info_plus:copyReleaseJniLibsProjectAndLocalJars UP-TO-DATE
> Task :package_info_plus:extractDeepLinksForAarRelease UP-TO-DATE
> Task :package_info_plus:extractReleaseAnnotations UP-TO-DATE
> Task :package_info_plus:mergeReleaseConsumerProguardFiles UP-TO-DATE
> Task :package_info_plus:mergeReleaseJavaResource UP-TO-DATE
> Task :package_info_plus:syncReleaseLibJars UP-TO-DATE
> Task :package_info_plus:bundleReleaseLocalLintAar UP-TO-DATE
> Task :path_provider_android:stripReleaseDebugSymbols NO-SOURCE
> Task :path_provider_android:copyReleaseJniLibsProjectAndLocalJars UP-TO-DATE
> Task :path_provider_android:extractDeepLinksForAarRelease UP-TO-DATE
> Task :path_provider_android:extractReleaseAnnotations UP-TO-DATE
> Task :path_provider_android:mergeReleaseConsumerProguardFiles UP-TO-DATE
> Task :path_provider_android:mergeReleaseJavaResource UP-TO-DATE
> Task :path_provider_android:syncReleaseLibJars UP-TO-DATE
> Task :path_provider_android:bundleReleaseLocalLintAar UP-TO-DATE
> Task :permission_handler_android:stripReleaseDebugSymbols NO-SOURCE
> Task :permission_handler_android:copyReleaseJniLibsProjectAndLocalJars UP-TO-DATE
> Task :permission_handler_android:extractDeepLinksForAarRelease UP-TO-DATE
> Task :permission_handler_android:extractReleaseAnnotations UP-TO-DATE
> Task :permission_handler_android:mergeReleaseConsumerProguardFiles UP-TO-DATE
> Task :permission_handler_android:mergeReleaseJavaResource UP-TO-DATE
> Task :permission_handler_android:syncReleaseLibJars UP-TO-DATE
> Task :permission_handler_android:bundleReleaseLocalLintAar UP-TO-DATE
> Task :printing:stripReleaseDebugSymbols NO-SOURCE
> Task :printing:copyReleaseJniLibsProjectAndLocalJars UP-TO-DATE
> Task :printing:extractDeepLinksForAarRelease UP-TO-DATE
> Task :printing:extractReleaseAnnotations UP-TO-DATE
> Task :printing:mergeReleaseConsumerProguardFiles UP-TO-DATE
> Task :printing:mergeReleaseJavaResource UP-TO-DATE
> Task :printing:syncReleaseLibJars UP-TO-DATE
> Task :printing:bundleReleaseLocalLintAar UP-TO-DATE
> Task :share_plus:stripReleaseDebugSymbols NO-SOURCE
> Task :share_plus:copyReleaseJniLibsProjectAndLocalJars UP-TO-DATE
> Task :share_plus:extractDeepLinksForAarRelease UP-TO-DATE
> Task :share_plus:extractReleaseAnnotations UP-TO-DATE
> Task :share_plus:mergeReleaseConsumerProguardFiles UP-TO-DATE
> Task :share_plus:mergeReleaseJavaResource UP-TO-DATE
> Task :share_plus:syncReleaseLibJars UP-TO-DATE
> Task :share_plus:bundleReleaseLocalLintAar UP-TO-DATE
> Task :shared_preferences_android:stripReleaseDebugSymbols NO-SOURCE
> Task :shared_preferences_android:copyReleaseJniLibsProjectAndLocalJars UP-TO-DATE
> Task :shared_preferences_android:extractDeepLinksForAarRelease UP-TO-DATE
> Task :shared_preferences_android:extractReleaseAnnotations UP-TO-DATE
> Task :shared_preferences_android:mergeReleaseConsumerProguardFiles UP-TO-DATE
> Task :shared_preferences_android:mergeReleaseJavaResource UP-TO-DATE
> Task :shared_preferences_android:syncReleaseLibJars UP-TO-DATE
> Task :shared_preferences_android:bundleReleaseLocalLintAar UP-TO-DATE
> Task :url_launcher_android:stripReleaseDebugSymbols NO-SOURCE
> Task :url_launcher_android:copyReleaseJniLibsProjectAndLocalJars UP-TO-DATE
> Task :url_launcher_android:extractDeepLinksForAarRelease UP-TO-DATE
> Task :url_launcher_android:extractReleaseAnnotations UP-TO-DATE
> Task :url_launcher_android:mergeReleaseConsumerProguardFiles UP-TO-DATE
> Task :url_launcher_android:mergeReleaseJavaResource UP-TO-DATE
> Task :url_launcher_android:syncReleaseLibJars UP-TO-DATE
> Task :url_launcher_android:bundleReleaseLocalLintAar UP-TO-DATE
> Task :webview_flutter_android:stripReleaseDebugSymbols NO-SOURCE
> Task :webview_flutter_android:copyReleaseJniLibsProjectAndLocalJars UP-TO-DATE
> Task :webview_flutter_android:extractDeepLinksForAarRelease UP-TO-DATE
> Task :webview_flutter_android:extractReleaseAnnotations UP-TO-DATE
> Task :webview_flutter_android:mergeReleaseConsumerProguardFiles UP-TO-DATE
> Task :webview_flutter_android:mergeReleaseJavaResource UP-TO-DATE
> Task :webview_flutter_android:syncReleaseLibJars UP-TO-DATE
> Task :webview_flutter_android:bundleReleaseLocalLintAar UP-TO-DATE
> Task :workmanager_android:stripReleaseDebugSymbols NO-SOURCE
> Task :workmanager_android:copyReleaseJniLibsProjectAndLocalJars UP-TO-DATE
> Task :workmanager_android:extractDeepLinksForAarRelease UP-TO-DATE
> Task :app:minifyReleaseWithR8 UP-TO-DATE
> Task :workmanager_android:extractReleaseAnnotations UP-TO-DATE
> Task :workmanager_android:mergeReleaseConsumerProguardFiles UP-TO-DATE
> Task :app:l8DexDesugarLibRelease UP-TO-DATE
> Task :workmanager_android:mergeReleaseJavaResource UP-TO-DATE
> Task :workmanager_android:syncReleaseLibJars UP-TO-DATE
> Task :workmanager_android:bundleReleaseLocalLintAar UP-TO-DATE
> Task :connectivity_plus:lintVitalAnalyzeRelease UP-TO-DATE
> Task :connectivity_plus:writeReleaseLintModelMetadata UP-TO-DATE
> Task :device_info_plus:lintVitalAnalyzeRelease UP-TO-DATE
> Task :device_info_plus:writeReleaseLintModelMetadata UP-TO-DATE
> Task :flutter_bluetooth_printer:lintVitalAnalyzeRelease UP-TO-DATE
> Task :flutter_bluetooth_printer:writeReleaseLintModelMetadata UP-TO-DATE
> Task :flutter_local_notifications:lintVitalAnalyzeRelease UP-TO-DATE
> Task :flutter_local_notifications:writeReleaseLintModelMetadata UP-TO-DATE
> Task :flutter_pdfview:lintVitalAnalyzeRelease UP-TO-DATE
> Task :flutter_pdfview:writeReleaseLintModelMetadata UP-TO-DATE
> Task :flutter_plugin_android_lifecycle:lintVitalAnalyzeRelease UP-TO-DATE
> Task :flutter_plugin_android_lifecycle:writeReleaseLintModelMetadata UP-TO-DATE
> Task :flutter_secure_storage:lintVitalAnalyzeRelease UP-TO-DATE
> Task :flutter_secure_storage:writeReleaseLintModelMetadata UP-TO-DATE
> Task :flutter_tts:lintVitalAnalyzeRelease UP-TO-DATE
> Task :flutter_tts:writeReleaseLintModelMetadata UP-TO-DATE
> Task :geolocator_android:lintVitalAnalyzeRelease UP-TO-DATE
> Task :geolocator_android:writeReleaseLintModelMetadata UP-TO-DATE
> Task :image_picker_android:lintVitalAnalyzeRelease UP-TO-DATE
> Task :image_picker_android:writeReleaseLintModelMetadata UP-TO-DATE
> Task :open_filex:lintVitalAnalyzeRelease UP-TO-DATE
> Task :open_filex:writeReleaseLintModelMetadata UP-TO-DATE
> Task :package_info_plus:lintVitalAnalyzeRelease UP-TO-DATE
> Task :package_info_plus:writeReleaseLintModelMetadata UP-TO-DATE
> Task :path_provider_android:lintVitalAnalyzeRelease UP-TO-DATE
> Task :path_provider_android:writeReleaseLintModelMetadata UP-TO-DATE
> Task :permission_handler_android:lintVitalAnalyzeRelease UP-TO-DATE
> Task :permission_handler_android:writeReleaseLintModelMetadata UP-TO-DATE
> Task :printing:lintVitalAnalyzeRelease UP-TO-DATE
> Task :printing:writeReleaseLintModelMetadata UP-TO-DATE
> Task :sentry_flutter:lintVitalAnalyzeRelease UP-TO-DATE
> Task :sentry_flutter:writeReleaseLintModelMetadata UP-TO-DATE
> Task :share_plus:lintVitalAnalyzeRelease UP-TO-DATE
> Task :share_plus:writeReleaseLintModelMetadata UP-TO-DATE
> Task :shared_preferences_android:lintVitalAnalyzeRelease UP-TO-DATE
> Task :shared_preferences_android:writeReleaseLintModelMetadata UP-TO-DATE
> Task :url_launcher_android:lintVitalAnalyzeRelease UP-TO-DATE
> Task :url_launcher_android:writeReleaseLintModelMetadata UP-TO-DATE
> Task :webview_flutter_android:lintVitalAnalyzeRelease UP-TO-DATE
> Task :webview_flutter_android:writeReleaseLintModelMetadata UP-TO-DATE
> Task :workmanager_android:lintVitalAnalyzeRelease UP-TO-DATE
> Task :workmanager_android:writeReleaseLintModelMetadata UP-TO-DATE
> Task :connectivity_plus:generateReleaseLintVitalModel UP-TO-DATE
> Task :device_info_plus:generateReleaseLintVitalModel UP-TO-DATE
> Task :flutter_bluetooth_printer:generateReleaseLintVitalModel UP-TO-DATE
> Task :flutter_local_notifications:generateReleaseLintVitalModel UP-TO-DATE
> Task :flutter_pdfview:generateReleaseLintVitalModel UP-TO-DATE
> Task :flutter_plugin_android_lifecycle:generateReleaseLintVitalModel UP-TO-DATE
> Task :flutter_secure_storage:generateReleaseLintVitalModel UP-TO-DATE
> Task :flutter_tts:generateReleaseLintVitalModel UP-TO-DATE
> Task :geolocator_android:generateReleaseLintVitalModel UP-TO-DATE
> Task :image_picker_android:generateReleaseLintVitalModel UP-TO-DATE
> Task :open_filex:generateReleaseLintVitalModel UP-TO-DATE
> Task :package_info_plus:generateReleaseLintVitalModel UP-TO-DATE
> Task :path_provider_android:generateReleaseLintVitalModel UP-TO-DATE
> Task :permission_handler_android:generateReleaseLintVitalModel UP-TO-DATE
> Task :printing:generateReleaseLintVitalModel UP-TO-DATE
> Task :sentry_flutter:generateReleaseLintVitalModel UP-TO-DATE
> Task :share_plus:generateReleaseLintVitalModel UP-TO-DATE
> Task :shared_preferences_android:generateReleaseLintVitalModel UP-TO-DATE
> Task :url_launcher_android:generateReleaseLintVitalModel UP-TO-DATE
> Task :webview_flutter_android:generateReleaseLintVitalModel UP-TO-DATE
> Task :workmanager_android:generateReleaseLintVitalModel UP-TO-DATE
> Task :app:configureCMakeRelease[arm64-v8a]
> Task :app:buildCMakeRelease[arm64-v8a]
> Task :app:mergeReleaseJniLibFolders UP-TO-DATE
> Task :app:mergeReleaseNativeLibs UP-TO-DATE
> Task :app:stripReleaseDebugSymbols UP-TO-DATE
> Task :app:writeReleaseAppMetadata UP-TO-DATE
> Task :app:buildReleasePreBundle
> Task :app:compileReleaseArtProfile UP-TO-DATE
> Task :app:collectReleaseDependencies UP-TO-DATE
> Task :app:configureReleaseDependencies UP-TO-DATE
> Task :app:extractReleaseNativeSymbolTables UP-TO-DATE
> Task :app:generateReleaseLintVitalReportModel
> Task :app:parseReleaseIntegrityConfig UP-TO-DATE
> Task :app:validateSigningRelease UP-TO-DATE
> Task :app:lintVitalAnalyzeRelease
> Task :app:lintVitalReportRelease
> Task :app:lintVitalRelease
> Task :app:packageReleaseBundle
> Task :app:signReleaseBundle
> Task :app:produceReleaseBundleIdeListingFile
> Task :app:createReleaseBundleListingFileRedirect UP-TO-DATE
> Task :app:bundleRelease

BUILD SUCCESSFUL in 3m 13s
765 actionable tasks: 14 executed, 751 up-to-date
